------------------------------------------------------------
Timing Analyzer Summary
------------------------------------------------------------

Type  : Slow 1200mV 85C Model Setup 'display:disR|cfreq[1]'
Slack : -4.717
TNS   : -20.155

Type  : Slow 1200mV 85C Model Setup 'clk1'
Slack : -1.361
TNS   : -1.700

Type  : Slow 1200mV 85C Model Hold 'clk1'
Slack : 0.454
TNS   : 0.000

Type  : Slow 1200mV 85C Model Hold 'display:disR|cfreq[1]'
Slack : 0.454
TNS   : 0.000

Type  : Slow 1200mV 85C Model Minimum Pulse Width 'clk1'
Slack : -3.000
TNS   : -53.558

Type  : Slow 1200mV 85C Model Minimum Pulse Width 'display:disR|cfreq[1]'
Slack : -1.487
TNS   : -14.870

Type  : Slow 1200mV 0C Model Setup 'display:disR|cfreq[1]'
Slack : -4.369
TNS   : -18.383

Type  : Slow 1200mV 0C Model Setup 'clk1'
Slack : -1.206
TNS   : -1.414

Type  : Slow 1200mV 0C Model Hold 'clk1'
Slack : 0.402
TNS   : 0.000

Type  : Slow 1200mV 0C Model Hold 'display:disR|cfreq[1]'
Slack : 0.402
TNS   : 0.000

Type  : Slow 1200mV 0C Model Minimum Pulse Width 'clk1'
Slack : -3.000
TNS   : -53.558

Type  : Slow 1200mV 0C Model Minimum Pulse Width 'display:disR|cfreq[1]'
Slack : -1.487
TNS   : -14.870

Type  : Fast 1200mV 0C Model Setup 'display:disR|cfreq[1]'
Slack : -1.500
TNS   : -5.115

Type  : Fast 1200mV 0C Model Setup 'clk1'
Slack : -0.575
TNS   : -0.575

Type  : Fast 1200mV 0C Model Hold 'clk1'
Slack : 0.187
TNS   : 0.000

Type  : Fast 1200mV 0C Model Hold 'display:disR|cfreq[1]'
Slack : 0.187
TNS   : 0.000

Type  : Fast 1200mV 0C Model Minimum Pulse Width 'clk1'
Slack : -3.000
TNS   : -39.203

Type  : Fast 1200mV 0C Model Minimum Pulse Width 'display:disR|cfreq[1]'
Slack : -1.000
TNS   : -10.000

------------------------------------------------------------
